// Jest Snapshot v1, https://goo.gl/fbAQLP

exports[`Galery should render correctly 1`] = `
{
  "asFragment": [Function],
  "baseElement": <body>
    <div>
      <div
        class="container"
      >
        <div
          class="item"
        >
          <img
            alt=""
            class="image"
            data-nimg="fill"
            decoding="async"
            loading="lazy"
            sizes="100vw"
            src="/_next/image?url=%2Fimages%2F1.jpg&w=3840&q=75"
            srcset="/_next/image?url=%2Fimages%2F1.jpg&w=640&q=75 640w, /_next/image?url=%2Fimages%2F1.jpg&w=750&q=75 750w, /_next/image?url=%2Fimages%2F1.jpg&w=828&q=75 828w, /_next/image?url=%2Fimages%2F1.jpg&w=1080&q=75 1080w, /_next/image?url=%2Fimages%2F1.jpg&w=1200&q=75 1200w, /_next/image?url=%2Fimages%2F1.jpg&w=1920&q=75 1920w, /_next/image?url=%2Fimages%2F1.jpg&w=2048&q=75 2048w, /_next/image?url=%2Fimages%2F1.jpg&w=3840&q=75 3840w"
            style="position: absolute; height: 100%; width: 100%; left: 0px; top: 0px; right: 0px; bottom: 0px; color: transparent;"
          />
        </div>
      </div>
    </div>
  </body>,
  "container": <div>
    <div
      class="container"
    >
      <div
        class="item"
      >
        <img
          alt=""
          class="image"
          data-nimg="fill"
          decoding="async"
          loading="lazy"
          sizes="100vw"
          src="/_next/image?url=%2Fimages%2F1.jpg&w=3840&q=75"
          srcset="/_next/image?url=%2Fimages%2F1.jpg&w=640&q=75 640w, /_next/image?url=%2Fimages%2F1.jpg&w=750&q=75 750w, /_next/image?url=%2Fimages%2F1.jpg&w=828&q=75 828w, /_next/image?url=%2Fimages%2F1.jpg&w=1080&q=75 1080w, /_next/image?url=%2Fimages%2F1.jpg&w=1200&q=75 1200w, /_next/image?url=%2Fimages%2F1.jpg&w=1920&q=75 1920w, /_next/image?url=%2Fimages%2F1.jpg&w=2048&q=75 2048w, /_next/image?url=%2Fimages%2F1.jpg&w=3840&q=75 3840w"
          style="position: absolute; height: 100%; width: 100%; left: 0px; top: 0px; right: 0px; bottom: 0px; color: transparent;"
        />
      </div>
    </div>
  </div>,
  "debug": [Function],
  "findAllByAltText": [Function],
  "findAllByDisplayValue": [Function],
  "findAllByLabelText": [Function],
  "findAllByPlaceholderText": [Function],
  "findAllByRole": [Function],
  "findAllByTestId": [Function],
  "findAllByText": [Function],
  "findAllByTitle": [Function],
  "findByAltText": [Function],
  "findByDisplayValue": [Function],
  "findByLabelText": [Function],
  "findByPlaceholderText": [Function],
  "findByRole": [Function],
  "findByTestId": [Function],
  "findByText": [Function],
  "findByTitle": [Function],
  "getAllByAltText": [Function],
  "getAllByDisplayValue": [Function],
  "getAllByLabelText": [Function],
  "getAllByPlaceholderText": [Function],
  "getAllByRole": [Function],
  "getAllByTestId": [Function],
  "getAllByText": [Function],
  "getAllByTitle": [Function],
  "getByAltText": [Function],
  "getByDisplayValue": [Function],
  "getByLabelText": [Function],
  "getByPlaceholderText": [Function],
  "getByRole": [Function],
  "getByTestId": [Function],
  "getByText": [Function],
  "getByTitle": [Function],
  "queryAllByAltText": [Function],
  "queryAllByDisplayValue": [Function],
  "queryAllByLabelText": [Function],
  "queryAllByPlaceholderText": [Function],
  "queryAllByRole": [Function],
  "queryAllByTestId": [Function],
  "queryAllByText": [Function],
  "queryAllByTitle": [Function],
  "queryByAltText": [Function],
  "queryByDisplayValue": [Function],
  "queryByLabelText": [Function],
  "queryByPlaceholderText": [Function],
  "queryByRole": [Function],
  "queryByTestId": [Function],
  "queryByText": [Function],
  "queryByTitle": [Function],
  "rerender": [Function],
  "unmount": [Function],
}
`;
