// Jest Snapshot v1, https://goo.gl/fbAQLP

exports[`Menu should render corectly 1`] = `
{
  "asFragment": [Function],
  "baseElement": <body>
    <div>
      <div
        class="drawer drawerClosed"
      >
        <div
          class="drawerHeader"
        >
          <button
            class="drawerCloseBtn"
          >
            <img
              alt="close icon"
              data-nimg="1"
              decoding="async"
              height="15"
              loading="lazy"
              src="/icons/close.svg"
              style="color: transparent;"
              width="15"
            />
          </button>
        </div>
        <div
          class="drawerBody"
        >
          <div
            class="drawerItem"
            data-id="black&white"
          >
            Black & White
          </div>
          <div
            class="drawerItem"
            data-id="landscape"
          >
            Landscape
          </div>
          <div
            class="drawerItem"
            data-id="people&cities"
          >
            People and cities
          </div>
        </div>
        <div
          class="drawerFooter"
        >
          <p>
            constandacheh@gmail.com
          </p>
          <div>
            <a
              class="link"
              href="https://www.instagram.com/cypher_mercurius/"
              target="_blank"
            >
              <img
                alt="instagram logo"
                data-nimg="1"
                decoding="async"
                height="20"
                loading="lazy"
                src="/icons/insta_white.svg"
                style="color: transparent;"
                width="20"
              />
            </a>
            <a
              class="link"
              href="https://github.com/MercurA"
              target="_blank"
            >
              <img
                alt="github logo"
                data-nimg="1"
                decoding="async"
                height="20"
                loading="lazy"
                src="/icons/github_white.svg"
                style="color: transparent;"
                width="20"
              />
            </a>
            <a
              class="link"
              href="https://soundcloud.com/dionis5"
              target="_blank"
            >
              <img
                alt="github logo"
                data-nimg="1"
                decoding="async"
                height="20"
                loading="lazy"
                src="/_next/image?url=%2Ficons%2Fsoundcloud.jpg&w=48&q=75"
                srcset="/_next/image?url=%2Ficons%2Fsoundcloud.jpg&w=32&q=75 1x, /_next/image?url=%2Ficons%2Fsoundcloud.jpg&w=48&q=75 2x"
                style="color: transparent;"
                width="20"
              />
            </a>
          </div>
        </div>
      </div>
    </div>
  </body>,
  "container": <div>
    <div
      class="drawer drawerClosed"
    >
      <div
        class="drawerHeader"
      >
        <button
          class="drawerCloseBtn"
        >
          <img
            alt="close icon"
            data-nimg="1"
            decoding="async"
            height="15"
            loading="lazy"
            src="/icons/close.svg"
            style="color: transparent;"
            width="15"
          />
        </button>
      </div>
      <div
        class="drawerBody"
      >
        <div
          class="drawerItem"
          data-id="black&white"
        >
          Black & White
        </div>
        <div
          class="drawerItem"
          data-id="landscape"
        >
          Landscape
        </div>
        <div
          class="drawerItem"
          data-id="people&cities"
        >
          People and cities
        </div>
      </div>
      <div
        class="drawerFooter"
      >
        <p>
          constandacheh@gmail.com
        </p>
        <div>
          <a
            class="link"
            href="https://www.instagram.com/cypher_mercurius/"
            target="_blank"
          >
            <img
              alt="instagram logo"
              data-nimg="1"
              decoding="async"
              height="20"
              loading="lazy"
              src="/icons/insta_white.svg"
              style="color: transparent;"
              width="20"
            />
          </a>
          <a
            class="link"
            href="https://github.com/MercurA"
            target="_blank"
          >
            <img
              alt="github logo"
              data-nimg="1"
              decoding="async"
              height="20"
              loading="lazy"
              src="/icons/github_white.svg"
              style="color: transparent;"
              width="20"
            />
          </a>
          <a
            class="link"
            href="https://soundcloud.com/dionis5"
            target="_blank"
          >
            <img
              alt="github logo"
              data-nimg="1"
              decoding="async"
              height="20"
              loading="lazy"
              src="/_next/image?url=%2Ficons%2Fsoundcloud.jpg&w=48&q=75"
              srcset="/_next/image?url=%2Ficons%2Fsoundcloud.jpg&w=32&q=75 1x, /_next/image?url=%2Ficons%2Fsoundcloud.jpg&w=48&q=75 2x"
              style="color: transparent;"
              width="20"
            />
          </a>
        </div>
      </div>
    </div>
  </div>,
  "debug": [Function],
  "findAllByAltText": [Function],
  "findAllByDisplayValue": [Function],
  "findAllByLabelText": [Function],
  "findAllByPlaceholderText": [Function],
  "findAllByRole": [Function],
  "findAllByTestId": [Function],
  "findAllByText": [Function],
  "findAllByTitle": [Function],
  "findByAltText": [Function],
  "findByDisplayValue": [Function],
  "findByLabelText": [Function],
  "findByPlaceholderText": [Function],
  "findByRole": [Function],
  "findByTestId": [Function],
  "findByText": [Function],
  "findByTitle": [Function],
  "getAllByAltText": [Function],
  "getAllByDisplayValue": [Function],
  "getAllByLabelText": [Function],
  "getAllByPlaceholderText": [Function],
  "getAllByRole": [Function],
  "getAllByTestId": [Function],
  "getAllByText": [Function],
  "getAllByTitle": [Function],
  "getByAltText": [Function],
  "getByDisplayValue": [Function],
  "getByLabelText": [Function],
  "getByPlaceholderText": [Function],
  "getByRole": [Function],
  "getByTestId": [Function],
  "getByText": [Function],
  "getByTitle": [Function],
  "queryAllByAltText": [Function],
  "queryAllByDisplayValue": [Function],
  "queryAllByLabelText": [Function],
  "queryAllByPlaceholderText": [Function],
  "queryAllByRole": [Function],
  "queryAllByTestId": [Function],
  "queryAllByText": [Function],
  "queryAllByTitle": [Function],
  "queryByAltText": [Function],
  "queryByDisplayValue": [Function],
  "queryByLabelText": [Function],
  "queryByPlaceholderText": [Function],
  "queryByRole": [Function],
  "queryByTestId": [Function],
  "queryByText": [Function],
  "queryByTitle": [Function],
  "rerender": [Function],
  "unmount": [Function],
}
`;
