// Jest Snapshot v1, https://goo.gl/fbAQLP

exports[`Cover component should render correctly 1`] = `
{
  "asFragment": [Function],
  "baseElement": <body>
    <div>
      <div
        class="container"
      >
        <div
          class="effect"
        >
          <img
            alt=""
            data-nimg="fill"
            decoding="async"
            id="cover_image"
            src=""
            style="position: absolute; height: 100%; width: 100%; left: 0px; top: 0px; right: 0px; bottom: 0px; object-fit: contain; color: transparent; padding: 40px;"
          />
        </div>
        <div
          class="container"
        >
          <div
            class="brand"
          >
            HC
          </div>
          <div
            class="categoryGroup"
          >
            <div
              class="text textUnblur"
              data-index="0"
              data-tag=""
            >
              Black & White
            </div>
            <div
              class="text "
              data-index="1"
              data-tag=""
            >
              Landscape
            </div>
            <div
              class="text "
              data-index="2"
              data-tag=""
            >
              Journalism
            </div>
          </div>
          <div
            class="contact"
          >
            <p>
              constandacheh@gmail.com
            </p>
            <div>
              <a
                class="link"
                href="https://www.instagram.com/cypher_mercurius/"
                target="_blank"
              >
                <img
                  alt="instagram logo"
                  data-nimg="1"
                  decoding="async"
                  height="20"
                  loading="lazy"
                  src="/icons/insta_white.svg"
                  style="color: transparent;"
                  width="20"
                />
              </a>
              <a
                class="link"
                href="https://github.com/MercurA"
                target="_blank"
              >
                <img
                  alt="github logo"
                  data-nimg="1"
                  decoding="async"
                  height="20"
                  loading="lazy"
                  src="/icons/github_white.svg"
                  style="color: transparent;"
                  width="20"
                />
              </a>
              <a
                class="link"
                href="https://soundcloud.com/dionis5"
                target="_blank"
              >
                <img
                  alt="github logo"
                  data-nimg="1"
                  decoding="async"
                  height="20"
                  loading="lazy"
                  src="/_next/image?url=%2Ficons%2Fsoundcloud.jpg&w=48&q=75"
                  srcset="/_next/image?url=%2Ficons%2Fsoundcloud.jpg&w=32&q=75 1x, /_next/image?url=%2Ficons%2Fsoundcloud.jpg&w=48&q=75 2x"
                  style="color: transparent;"
                  width="20"
                />
              </a>
            </div>
          </div>
        </div>
      </div>
    </div>
  </body>,
  "container": <div>
    <div
      class="container"
    >
      <div
        class="effect"
      >
        <img
          alt=""
          data-nimg="fill"
          decoding="async"
          id="cover_image"
          src=""
          style="position: absolute; height: 100%; width: 100%; left: 0px; top: 0px; right: 0px; bottom: 0px; object-fit: contain; color: transparent; padding: 40px;"
        />
      </div>
      <div
        class="container"
      >
        <div
          class="brand"
        >
          HC
        </div>
        <div
          class="categoryGroup"
        >
          <div
            class="text textUnblur"
            data-index="0"
            data-tag=""
          >
            Black & White
          </div>
          <div
            class="text "
            data-index="1"
            data-tag=""
          >
            Landscape
          </div>
          <div
            class="text "
            data-index="2"
            data-tag=""
          >
            Journalism
          </div>
        </div>
        <div
          class="contact"
        >
          <p>
            constandacheh@gmail.com
          </p>
          <div>
            <a
              class="link"
              href="https://www.instagram.com/cypher_mercurius/"
              target="_blank"
            >
              <img
                alt="instagram logo"
                data-nimg="1"
                decoding="async"
                height="20"
                loading="lazy"
                src="/icons/insta_white.svg"
                style="color: transparent;"
                width="20"
              />
            </a>
            <a
              class="link"
              href="https://github.com/MercurA"
              target="_blank"
            >
              <img
                alt="github logo"
                data-nimg="1"
                decoding="async"
                height="20"
                loading="lazy"
                src="/icons/github_white.svg"
                style="color: transparent;"
                width="20"
              />
            </a>
            <a
              class="link"
              href="https://soundcloud.com/dionis5"
              target="_blank"
            >
              <img
                alt="github logo"
                data-nimg="1"
                decoding="async"
                height="20"
                loading="lazy"
                src="/_next/image?url=%2Ficons%2Fsoundcloud.jpg&w=48&q=75"
                srcset="/_next/image?url=%2Ficons%2Fsoundcloud.jpg&w=32&q=75 1x, /_next/image?url=%2Ficons%2Fsoundcloud.jpg&w=48&q=75 2x"
                style="color: transparent;"
                width="20"
              />
            </a>
          </div>
        </div>
      </div>
    </div>
  </div>,
  "debug": [Function],
  "findAllByAltText": [Function],
  "findAllByDisplayValue": [Function],
  "findAllByLabelText": [Function],
  "findAllByPlaceholderText": [Function],
  "findAllByRole": [Function],
  "findAllByTestId": [Function],
  "findAllByText": [Function],
  "findAllByTitle": [Function],
  "findByAltText": [Function],
  "findByDisplayValue": [Function],
  "findByLabelText": [Function],
  "findByPlaceholderText": [Function],
  "findByRole": [Function],
  "findByTestId": [Function],
  "findByText": [Function],
  "findByTitle": [Function],
  "getAllByAltText": [Function],
  "getAllByDisplayValue": [Function],
  "getAllByLabelText": [Function],
  "getAllByPlaceholderText": [Function],
  "getAllByRole": [Function],
  "getAllByTestId": [Function],
  "getAllByText": [Function],
  "getAllByTitle": [Function],
  "getByAltText": [Function],
  "getByDisplayValue": [Function],
  "getByLabelText": [Function],
  "getByPlaceholderText": [Function],
  "getByRole": [Function],
  "getByTestId": [Function],
  "getByText": [Function],
  "getByTitle": [Function],
  "queryAllByAltText": [Function],
  "queryAllByDisplayValue": [Function],
  "queryAllByLabelText": [Function],
  "queryAllByPlaceholderText": [Function],
  "queryAllByRole": [Function],
  "queryAllByTestId": [Function],
  "queryAllByText": [Function],
  "queryAllByTitle": [Function],
  "queryByAltText": [Function],
  "queryByDisplayValue": [Function],
  "queryByLabelText": [Function],
  "queryByPlaceholderText": [Function],
  "queryByRole": [Function],
  "queryByTestId": [Function],
  "queryByText": [Function],
  "queryByTitle": [Function],
  "rerender": [Function],
  "unmount": [Function],
}
`;
